[www.pnc.com/en/personal-banking.html]
[www.pnc.com/etc/designs/pnc-com/js/uuid-random-v1-3-2.js]
[www.pnc.com/ruxitagentjs_ICA27Vfjqrux_10227211018092056.js]
[www.pnc.com/etc/designs/pnc-foundation/clientlibs/pnc-foundation.jquery.191.min.js]
[www.pnc.com/etc/designs/pnc-foundation/clientlibs/pnc-foundation.jquery.191.noconflict.min.js]
[www.pnc.com/etc/designs/pnc-com/clientlibs/jQuery.cookie.min.js]
[www.pnc.com/etc/designs/pnc-com/clientlibs/pnc-com.homepage-cookie.min.js]
[backblue.gif]
[fade.gif]
[index.html]
[www.pnc.com/etc/designs/pnc-com/clientlibs/pnc-com.fancyBox.min.css]
[www.pnc.com/etc/designs/pnc-com/clientlibs/pnc-com.browser-upgrade.min.css]
[www.pnc.com/etc/designs/pnc-foundation/clientlibs/pnc-foundation.webfonts.min.css]
[www.pnc.com/etc/designs/pnc-com/clientlibs/pnc-com.print.min.css]
[www.pnc.com/etc/designs/pnc-com/clientlibs/pnc-com.main.min.css]
[www.pnc.com/etc/designs/pnc-com/clientlibs/pnc-com.hpg.min.css]
[www.pnc.com/etc/designs/pnc-foundation/js/libs/modernizr-dev.js]
[www.pnc.com/etc/designs/pnc-com/clientlibs/pnc-com.fancyBox.min.js]
[www.pnc.com/etc.clientlibs/clientlibs/granite/jquery.min.js]
[www.pnc.com/etc/designs/pnc-com/clientlibs/pnc-com.browser-upgrade.min.js]
[www.pnc.com/etc.clientlibs/clientlibs/granite/jquery/granite/csrf.min.js]
[www.pnc.com/etc/clientlibs/granite/csrf.min.js]
[www.pnc.com/etc/designs/pnc-com/clientlibs/pnc-com.main.min.js]
[assets.adobedtm.com/1d90950c926aacaf003e1e8e48aeb1189d4d7901/satelliteLib-0dbd59624bb8270e8b9358f997c7c8c144a7e2d3.js]
[www.pnc.com/etc/designs/pnc-com/clientlibs/pnc-com.navigation.min.js]
[www.pnc.com/content/dam/pnc-com/images/universal/google_play_get_it_on_badge.jpg]
[www.pnc.com/etc.clientlibs/pnc-aem-base/clientlibs/clientlib-base.min.css]
[www.pnc.com/en/personal-banking/virtual-wallet-overview4924.html]
[www.pnc.com/en/personal-banking/banking/checking4924.html]
[www.pnc.com/en/personal-banking/banking/credit-cards4924.html]
[www.pnc.com/en/personal-banking/banking/savings4924.html]
[www.pnc.com/en/personal-banking/banking/debit-and-prepaid-cards4924.html]
[www.pnc.com/en/personal-banking/banking/online-and-mobile-banking4924.html]
[www.pnc.com/en/personal-banking/topics/pnc-student-center4924.html]
[www.pnc.com/en/personal-banking/banking/military-banking4924.html]
[www.pnc.com/en/personal-banking/banking/online-and-mobile-banking/atm-banking4924.html]
[www.pnc.com/en/personal-banking/banking/workplace-banking4924.html]
[www.pnc.com/en/personal-banking/borrowing/home-lending4924.html]
[www.pnc.com/en/personal-banking/choice-banking4924.html]
[www.pnc.com/en/personal-banking/borrowing/home-lending/mortgage-refinance4924.html]
[www.pnc.com/en/personal-banking.html]
[www.pnc.com/en/www.u44.pnc.com/783807/calc7020.html]
[www.pnc.com/en/www.u47.pnc.com/783807/ethernet2a3b.html]
[www.pnc.com/en/GET.html]
[www.pnc.com/etc/designs/pnc-com/clientlibs/pnc-com.fancyBox.min.css]
[www.pnc.com/etc/designs/pnc-com/clientlibs/pnc-com.browser-upgrade.min.css]
[www.pnc.com/etc/designs/pnc-foundation/clientlibs/pnc-foundation.webfonts.min.css]
[www.pnc.com/etc/designs/pnc-com/clientlibs/pnc-com.print.min.css]
[www.pnc.com/etc/designs/pnc-com/clientlibs/pnc-com.main.min.css]
[www.pnc.com/etc/designs/pnc-com/clientlibs/pnc-com.hpg.min.css]
[assets.adobedtm.com/1d90950c926aacaf003e1e8e48aeb1189d4d7901/satelliteLib-0dbd59624bb8270e8b9358f997c7c8c144a7e2d3.js]
[www.pnc.com/etc.clientlibs/pnc-aem-base/clientlibs/clientlib-base.min.css]
[www.pnc.com/en/personal-banking/virtual-wallet-overview4924.html]
[www.pnc.com/en/personal-banking/banking/checking4924.html]
[www.pnc.com/en/personal-banking/banking/savings4924.html]
[www.pnc.com/en/personal-banking/banking/credit-cards4924.html]
[www.pnc.com/en/personal-banking/banking/debit-and-prepaid-cards4924.html]
[www.pnc.com/en/personal-banking/banking/online-and-mobile-banking4924.html]
[www.pnc.com/en/personal-banking/banking/online-and-mobile-banking/atm-banking4924.html]
[www.pnc.com/en/personal-banking/topics/pnc-student-center4924.html]
[www.pnc.com/en/personal-banking/banking/military-banking4924.html]
[www.pnc.com/en/personal-banking/banking/workplace-banking4924.html]
[www.pnc.com/en/personal-banking/choice-banking4924.html]
[www.pnc.com/en/personal-banking/borrowing/home-lending4924.html]
[www.pnc.com/en/personal-banking/borrowing/home-lending/mortgage-refinance4924.html]
[www.pnc.com/en/personal-banking4924.html]
[www.pnc.com/en/personal-banking/borrowing/home-lending/mortgage-loans4924.html]
[www.pnc.com/en/personal-banking/borrowing/home-equity-loans/home-equity-line-of-credit4924.html]
[www.pnc.com/en/personal-banking/borrowing/auto-loans4924.html]
[www.pnc.com/en/personal-banking/borrowing/personal-loans4924.html]
[www.pnc.com/en/personal-banking/borrowing/private-student-loans4924.html]
[www.pnc.com/en/personal-banking/borrowing/private-student-loans/refinance-student-loans4924.html]
[www.pnc.com/en/personal-banking/borrowing/understanding-loan-options4924.html]
[www.pnc.com/en/personal-banking/investments-and-retirement4924.html]
[www.pnc.com/en/personal-banking/private-bank4924.html]
[www.pnc.com/content/experience-fragments/pnc-com/en/navigation/pnc-navigation---main-menu/master/_jcr_content/root/container/container/listpro/nested-list-item-15712401981570/listpro/nested-list/pnc-insights-p-mobile-b]
[www.pnc.com/en/customer-service/update-center4924.html]
[www.pnc.com/en/security-privacy/reporting-fraud4924.html]
[www.pnc.com/en/security-privacy/spot-and-report-a-phish4924.html]
[www.pnc.com/en/privacy-policy4924.html]
[www.pnc.com/en/security-privacy4924.html]
[www.pnc.com/en/customer-service/coronavirus-update4924.html]
[www.pnc.com/en/customer-service/auto-customer-service4924.html]
[www.pnc.com/en/customer-service/home-equity-customer-service4924.html]
[www.pnc.com/en/customer-service/mortgage-customer-service4924.html]
[www.pnc.com/en/customer-service/customer-service-frequently-asked-questions4924.html]
[www.pnc.com/en/customer-service4924.html]
[www.pnc.com/en/personal-banking/virtual-wallet-overview.html]
[www.pnc.com/en/personal-banking/banking/credit-cards.html]
[www.pnc.com/en/small-business/banking/business-checking-overview/business-checking-offer.html]
[www.pnc.com/en/small-business4924.html]
[www.pnc.com/en/corporate-and-institutional4924.html]
[www.pnc.com/en/about-pnc4924.html]
[www.pnc.com/etc.clientlibs/core/wcm/components/commons/site/clientlibs/container.min.js]
[www.pnc.com/etc.clientlibs/pnc-aem-base/clientlibs/clientlib-base.min.js]
[www.pnc.com/etc/designs/pnc-com/clientlibs/pnc-com.touchSwipe.min.css]
[www.pnc.com/etc/designs/pnc-com/clientlibs/pnc-com.social-media-ribbon.min.css]
[www.pnc.com/etc/designs/pnc-com/clientlibs/pnc-com.thoughtstarter-teaser.min.css]
[www.pnc.com/etc/designs/pnc-com/clientlibs/pnc-com.homepage-hero.min.css]
[www.pnc.com/content/dam/pnc-com/images/thoughtstarters/personal/mega/2018/p_c_cs_personal_vw_redux_pano.jpg]
[www.pnc.com/content/dam/pnc-com/images/thoughtstarters/personal/mega/2018/p_c_cs_personal_vw_redux_tablet.jpg]
[www.pnc.com/content/dam/pnc-com/images/thoughtstarters/personal/mega/2018/p_c_cs_personal_vw_redux_mobile.jpg]
[www.pnc.com/etc/designs/pnc-com/clientlibs/pnc-com.swiper.min.css]
[www.pnc.com/etc/designs/pnc-com/clientlibs/pnc-com.most-viewed.min.css]
[www.pnc.com/en/personal-banking/banking/checking8868.html]
[www.pnc.com/en/personal-banking/banking/credit-cards8868.html]
[www.pnc.com/en/personal-banking/banking/savings.html]
[www.pnc.com/en/personal-banking/borrowing/home-lending/mortgages.html]
[www.pnc.com/en/personal-banking/investments-and-retirement/retirement-iras.html]
[www.pnc.com/en/personal-banking/borrowing/auto-loans8868.html]
[www.pnc.com/etc/designs/pnc-com/clientlibs/pnc-com.column-body.min.css]
[www.pnc.com/etc/clientlibs/pnc-com.column-body.min.css]
[www.pnc.com/etc/designs/pnc-com/clientlibs/pnc-com.column-body.min.js]
[www.pnc.com/etc/clientlibs/pnc-com.column-body.min.js]
[www.pnc.com/etc/designs/pnc-com/clientlibs/pnc-com.insights-hub-feed.min.css]
[www.pnc.com/content/dam/pnc-thought-leadership/personal-finance/investments-retirement/pnc_tl_hub_investments_ira-facts-give-retirement-boost.jpg]
[www.pnc.com/content/dam/pnc-thought-leadership/personal-finance/spend/pnc_insights_p_beginners-guide-credit.jpg]
[www.pnc.com/content/dam/pnc-thought-leadership/personal-finance/save/pnc_insights_p_15-ways-make-money-college.jpg]
[www.pnc.com/en/personal-banking/banking/online-and-mobile-banking/mobile-banking.html]
[www.pnc.com/etc/designs/pnc-com/clientlibs/pnc-com.accordion.min.css]
[www.pnc.com/en/privacy-policy.html]
[www.pnc.com/etc/designs/pnc-com/clientlibs/pnc-com.accordion.min.js]
[www.pnc.com/content/dam/pnc-com/images/universal/backgrounds/background_accolades.png]
[www.pnc.com/etc/designs/pnc-com/clientlibs/pnc-com.swiper.min.js]
[www.pnc.com/content/dam/pnc-com/code_assets/global/js/ads.js]
[www.pnc.com/en/customer-service/update-center.html]
[www.pnc.com/etc/designs/pnc-foundation/clientlibs/pnc-foundation.jquery.touchSwipe.min.js]
[www.pnc.com/etc/designs/pnc-com/clientlibs/pnc-com.touchSwipe.min.js]
[www.pnc.com/etc/designs/pnc-foundation/clientlibs/pnc-foundation.jquery.dotdotdot.min.js]
[www.pnc.com/etc/designs/pnc-foundation/clientlibs/pnc-foundation.jquery.timeago.min.js]
[www.pnc.com/etc/designs/pnc-com/clientlibs/pnc-com.social-media-ribbon.min.js]
[www.pnc.com/en/small-business.html]
[www.pnc.com/en/corporate-and-institutional.html]
[www.pnc.com/en/customer-service/accessible-banking.html]
[www.pnc.com/en/customer-service.html]
[www.pnc.com/en/customer-service/mobile-app-directory.html]
[www.pnc.com/en/about-pnc/corporate-responsibility/diversity-and-inclusion.html]
[www.pnc.com/en/about-pnc/corporate-responsibility/corporate-social-responsibility.html]
[www.pnc.com/en/security-privacy.html]
[www.pnc.com/en/terms-and-conditions.html]
[www.pnc.com/etc/designs/pnc-com/js/akamai-media-player.js]
[www.pnc.com/etc/designs/pnc-foundation/clientlibs/pnc-foundation.jquery.ui.min.js]
[www.pnc.com/content/dam/pnc-com/images/universal/pnc_main_logo.png]
[www.pnc.com/content/dam/pnc-com/images/universal/btn_hom_getchrome.gif]
[www.pnc.com/content/dam/pnc-com/images/universal/btn_hom_getie.gif]
[www.pnc.com/content/dam/pnc-com/images/universal/btn_hom_getfirefox.gif]
[www.pnc.com/etc/designs/pnc-com/clientlibs/pnc-com.fancyBox/fancybox_sprite.png]
[www.pnc.com/etc/designs/pnc-com/clientlibs/pnc-com.fancyBox/fancybox_loading.gif]
[www.pnc.com/etc/designs/pnc-com/clientlibs/pnc-com.fancyBox/blank.gif]
[www.pnc.com/etc/designs/pnc-com/clientlibs/pnc-com.fancyBox/fancybox_overlay.png]
[www.pnc.com/etc/designs/pnc-com/clientlibs/pnc-com.fancyBox/fancybox_sprite@2x.png]
[www.pnc.com/etc/designs/pnc-com/clientlibs/pnc-com.fancyBox/fancybox_loading@2x.gif]
[www.pnc.com/etc/designs/pnc-com/img/select-accounts.png]
[www.pnc.com/etc/designs/pnc-com/img/flyout-arrow.png]
[www.pnc.com/etc/designs/pnc-com/img/icon_video.gif]
[www.pnc.com/etc/designs/pnc-com/img/q.gif]
[www.pnc.com/etc/designs/pnc-com/img/a.gif]
[www.pnc.com/content/dam/pnc-com/images/universal/fancybox/fancybox_sprite.png]
[www.pnc.com/content/dam/pnc-com/images/universal/fancybox/fancybox_sprite@2x.png]
[www.pnc.com/etc/designs/pnc-com/img/icon_main_nav_toggle.gif]
[www.pnc.com/etc/designs/pnc-com/img/pnc_main_nav_sprite.png]
[www.pnc.com/etc/designs/pnc-com/img/icon_toggle_login.png]
[www.pnc.com/content/dam/pnc-com/images/universal/Login_lock/login25x25.png]
[www.pnc.com/etc/designs/pnc-com/img/hp_tout_border_desktop.png]
[www.pnc.com/etc/designs/pnc-com/img/valid_form_sprite.png]
[www.pnc.com/etc/designs/pnc-com/img/footer_toggle_icons.png]
[www.pnc.com/etc/designs/pnc-com/img/bg_drawer_orange.jpg]
[www.pnc.com/etc/designs/pnc-com/img/bg_drawer_blue.jpg]
[www.pnc.com/etc/designs/pnc-com/img/pnc_edit_mode_button.png]
[www.pnc.com/etc/designs/pnc-com/img/pnc_icon_search.png]
[www.pnc.com/etc/designs/pnc-com/img/main_nav_link_arrow.gif]
[www.pnc.com/en/content/wm-money/index.html]
[www.pnc.com/en/wm-money/index.html]
[www.pnc.com/en/Trident/index.html]
[www.pnc.com/en/get]
[www.pnc.com/helpers/getObjectProperty.js]
[assets.adobedtm.com/3a017e787494/1b6f6a160ec0/fb1c8324f3a6/EX5962e4254c114af2867152f0e3217fc4-libraryCode_source.min.js]
[www.pnc.com/en/Unable to load target-vec.js]
[www.pnc.com/en/Loading target-vec.js]
[www.pnc.com/en/rates/index.html]
[www.pnc.com/en/index.html]
[www.pnc.com/etc.clientlibs/pnc-aem-base/clientlibs/clientlib-fonts/resources/fonts/pnc-brand/PNCBrandReg.eot]
[www.pnc.com/etc.clientlibs/pnc-aem-base/clientlibs/clientlib-fonts/resources/fonts/pnc-brand/PNCBrandRegd41d.eot]
[www.pnc.com/etc.clientlibs/pnc-aem-base/clientlibs/clientlib-fonts/resources/fonts/pnc-brand/PNCBrandReg.woff]
[www.pnc.com/etc.clientlibs/pnc-aem-base/clientlibs/clientlib-fonts/resources/fonts/pnc-brand/PNCBrandReg.ttf]
[www.pnc.com/etc.clientlibs/pnc-aem-base/clientlibs/clientlib-fonts/resources/fonts/pnc-brand/PNCBrandReg.svg]
[www.pnc.com/etc.clientlibs/pnc-aem-base/clientlibs/clientlib-fonts/resources/fonts/pnc-brand/PNCBrandRegIta.eot]
[www.pnc.com/etc.clientlibs/pnc-aem-base/clientlibs/clientlib-fonts/resources/fonts/pnc-brand/PNCBrandRegItad41d.eot]
[www.pnc.com/etc.clientlibs/pnc-aem-base/clientlibs/clientlib-fonts/resources/fonts/pnc-brand/PNCBrandRegIta.woff]
[www.pnc.com/etc.clientlibs/pnc-aem-base/clientlibs/clientlib-fonts/resources/fonts/pnc-brand/PNCBrandRegIta.ttf]
[www.pnc.com/etc.clientlibs/pnc-aem-base/clientlibs/clientlib-fonts/resources/fonts/pnc-brand/PNCBrandRegIta.svg]
[www.pnc.com/etc.clientlibs/pnc-aem-base/clientlibs/clientlib-fonts/resources/fonts/pnc-brand/PNCBrandBol.eot]
[www.pnc.com/etc.clientlibs/pnc-aem-base/clientlibs/clientlib-fonts/resources/fonts/pnc-brand/PNCBrandBold41d.eot]
[www.pnc.com/etc.clientlibs/pnc-aem-base/clientlibs/clientlib-fonts/resources/fonts/pnc-brand/PNCBrandBol.woff]
[www.pnc.com/etc.clientlibs/pnc-aem-base/clientlibs/clientlib-fonts/resources/fonts/pnc-brand/PNCBrandBol.ttf]
[www.pnc.com/etc.clientlibs/pnc-aem-base/clientlibs/clientlib-fonts/resources/fonts/pnc-brand/PNCBrandBol.svg]
[www.pnc.com/etc.clientlibs/pnc-aem-base/clientlibs/clientlib-fonts/resources/fonts/pnc-brand/PNCBrandBolIta.eot]
[www.pnc.com/etc.clientlibs/pnc-aem-base/clientlibs/clientlib-fonts/resources/fonts/pnc-brand/PNCBrandBolItad41d.eot]
[www.pnc.com/etc.clientlibs/pnc-aem-base/clientlibs/clientlib-fonts/resources/fonts/pnc-brand/PNCBrandBolIta.woff]
[www.pnc.com/etc.clientlibs/pnc-aem-base/clientlibs/clientlib-fonts/resources/fonts/pnc-brand/PNCBrandBolIta.ttf]
[www.pnc.com/etc.clientlibs/pnc-aem-base/clientlibs/clientlib-fonts/resources/fonts/pnc-brand/PNCBrandBolIta.svg]
[www.pnc.com/etc.clientlibs/pnc-aem-base/clientlibs/clientlib-fonts/resources/fonts/pnc-brand/PNCBrandLig.eot]
[www.pnc.com/etc.clientlibs/pnc-aem-base/clientlibs/clientlib-fonts/resources/fonts/pnc-brand/PNCBrandLigd41d.eot]
[www.pnc.com/etc.clientlibs/pnc-aem-base/clientlibs/clientlib-fonts/resources/fonts/pnc-brand/PNCBrandLig.woff]
[www.pnc.com/etc.clientlibs/pnc-aem-base/clientlibs/clientlib-fonts/resources/fonts/pnc-brand/PNCBrandLig.ttf]
[www.pnc.com/etc.clientlibs/pnc-aem-base/clientlibs/clientlib-fonts/resources/fonts/pnc-brand/PNCBrandLig.svg]
[www.pnc.com/etc.clientlibs/pnc-aem-base/clientlibs/clientlib-fonts/resources/fonts/pnc-brand/PNCBrandLigIta.eot]
[www.pnc.com/etc.clientlibs/pnc-aem-base/clientlibs/clientlib-fonts/resources/fonts/pnc-brand/PNCBrandLigItad41d.eot]
[www.pnc.com/etc.clientlibs/pnc-aem-base/clientlibs/clientlib-fonts/resources/fonts/pnc-brand/PNCBrandLigIta.woff]
[www.pnc.com/etc.clientlibs/pnc-aem-base/clientlibs/clientlib-fonts/resources/fonts/pnc-brand/PNCBrandLigIta.ttf]
[www.pnc.com/etc.clientlibs/pnc-aem-base/clientlibs/clientlib-fonts/resources/fonts/pnc-brand/PNCBrandLigIta.svg]
[www.pnc.com/etc.clientlibs/pnc-aem-base/clientlibs/clientlib-fonts/resources/fonts/pnc-brand/PNCBrandMed.eot]
[www.pnc.com/etc.clientlibs/pnc-aem-base/clientlibs/clientlib-fonts/resources/fonts/pnc-brand/PNCBrandMedd41d.eot]
[www.pnc.com/etc.clientlibs/pnc-aem-base/clientlibs/clientlib-fonts/resources/fonts/pnc-brand/PNCBrandMed.woff]
[www.pnc.com/etc.clientlibs/pnc-aem-base/clientlibs/clientlib-fonts/resources/fonts/pnc-brand/PNCBrandMed.ttf]
[www.pnc.com/etc.clientlibs/pnc-aem-base/clientlibs/clientlib-fonts/resources/fonts/pnc-brand/PNCBrandMed.svg]
[www.pnc.com/etc.clientlibs/pnc-aem-base/clientlibs/clientlib-fonts/resources/fonts/pnc-brand/PNCBrandMedIta.eot]
[www.pnc.com/etc.clientlibs/pnc-aem-base/clientlibs/clientlib-fonts/resources/fonts/pnc-brand/PNCBrandMedItad41d.eot]
[www.pnc.com/etc.clientlibs/pnc-aem-base/clientlibs/clientlib-fonts/resources/fonts/pnc-brand/PNCBrandMedIta.woff]
[www.pnc.com/etc.clientlibs/pnc-aem-base/clientlibs/clientlib-fonts/resources/fonts/pnc-brand/PNCBrandMedIta.ttf]
[www.pnc.com/etc.clientlibs/pnc-aem-base/clientlibs/clientlib-fonts/resources/fonts/pnc-brand/PNCBrandMedIta.svg]
[www.pnc.com/etc.clientlibs/pnc-aem-base/clientlibs/clientlib-fonts/resources/fonts/font-awesome/fa-brands-400.eot]
[www.pnc.com/etc.clientlibs/pnc-aem-base/clientlibs/clientlib-fonts/resources/fonts/font-awesome/fa-brands-400d41d.eot]
[www.pnc.com/etc.clientlibs/pnc-aem-base/clientlibs/clientlib-fonts/resources/fonts/font-awesome/fa-brands-400.woff2]
[www.pnc.com/etc.clientlibs/pnc-aem-base/clientlibs/clientlib-fonts/resources/fonts/font-awesome/fa-brands-400.woff]
[www.pnc.com/etc.clientlibs/pnc-aem-base/clientlibs/clientlib-fonts/resources/fonts/font-awesome/fa-brands-400.ttf]
[www.pnc.com/etc.clientlibs/pnc-aem-base/clientlibs/clientlib-fonts/resources/fonts/font-awesome/fa-brands-400.svg]
[www.pnc.com/etc.clientlibs/pnc-aem-base/clientlibs/clientlib-fonts/resources/fonts/font-awesome/fa-duotone-900.eot]
[www.pnc.com/etc.clientlibs/pnc-aem-base/clientlibs/clientlib-fonts/resources/fonts/font-awesome/fa-duotone-900d41d.eot]
[www.pnc.com/etc.clientlibs/pnc-aem-base/clientlibs/clientlib-fonts/resources/fonts/font-awesome/fa-duotone-900.woff2]
[www.pnc.com/etc.clientlibs/pnc-aem-base/clientlibs/clientlib-fonts/resources/fonts/font-awesome/fa-duotone-900.woff]
[www.pnc.com/etc.clientlibs/pnc-aem-base/clientlibs/clientlib-fonts/resources/fonts/font-awesome/fa-duotone-900.ttf]
[www.pnc.com/etc.clientlibs/pnc-aem-base/clientlibs/clientlib-fonts/resources/fonts/font-awesome/fa-duotone-900.svg]
[www.pnc.com/etc.clientlibs/pnc-aem-base/clientlibs/clientlib-fonts/resources/fonts/font-awesome/fa-light-300.eot]
[www.pnc.com/etc.clientlibs/pnc-aem-base/clientlibs/clientlib-fonts/resources/fonts/font-awesome/fa-light-300d41d.eot]
[www.pnc.com/etc.clientlibs/pnc-aem-base/clientlibs/clientlib-fonts/resources/fonts/font-awesome/fa-light-300.woff2]
[www.pnc.com/etc.clientlibs/pnc-aem-base/clientlibs/clientlib-fonts/resources/fonts/font-awesome/fa-light-300.woff]
[www.pnc.com/etc.clientlibs/pnc-aem-base/clientlibs/clientlib-fonts/resources/fonts/font-awesome/fa-light-300.ttf]
[www.pnc.com/etc.clientlibs/pnc-aem-base/clientlibs/clientlib-fonts/resources/fonts/font-awesome/fa-light-300.svg]
[www.pnc.com/etc.clientlibs/pnc-aem-base/clientlibs/clientlib-fonts/resources/fonts/font-awesome/fa-regular-400.eot]
[www.pnc.com/etc.clientlibs/pnc-aem-base/clientlibs/clientlib-fonts/resources/fonts/font-awesome/fa-regular-400d41d.eot]
[www.pnc.com/etc.clientlibs/pnc-aem-base/clientlibs/clientlib-fonts/resources/fonts/font-awesome/fa-regular-400.woff2]
[www.pnc.com/etc.clientlibs/pnc-aem-base/clientlibs/clientlib-fonts/resources/fonts/font-awesome/fa-regular-400.woff]
[www.pnc.com/etc.clientlibs/pnc-aem-base/clientlibs/clientlib-fonts/resources/fonts/font-awesome/fa-regular-400.ttf]
[www.pnc.com/etc.clientlibs/pnc-aem-base/clientlibs/clientlib-fonts/resources/fonts/font-awesome/fa-regular-400.svg]
[www.pnc.com/etc.clientlibs/pnc-aem-base/clientlibs/clientlib-fonts/resources/fonts/font-awesome/fa-solid-900.eot]
[www.pnc.com/etc.clientlibs/pnc-aem-base/clientlibs/clientlib-fonts/resources/fonts/font-awesome/fa-solid-900d41d.eot]
[www.pnc.com/etc.clientlibs/pnc-aem-base/clientlibs/clientlib-fonts/resources/fonts/font-awesome/fa-solid-900.woff2]
[www.pnc.com/etc.clientlibs/pnc-aem-base/clientlibs/clientlib-fonts/resources/fonts/font-awesome/fa-solid-900.woff]
[www.pnc.com/etc.clientlibs/pnc-aem-base/clientlibs/clientlib-fonts/resources/fonts/font-awesome/fa-solid-900.ttf]
[www.pnc.com/etc.clientlibs/pnc-aem-base/clientlibs/clientlib-fonts/resources/fonts/font-awesome/fa-solid-900.svg]
[www.pnc.com/en/personal-banking/www.u44.pnc.com/783807/calc7020.js]
[www.pnc.com/en/personal-banking/www.u47.pnc.com/783807/ethernet2a3b.js]
[www.pnc.com/en/personal-banking/GET]
[www.pnc.com/etc/designs/pnc-com/clientlibs/pnc-com.sdp.min.css]
[www.pnc.com/etc/designs/pnc-com/clientlibs/pnc-com.aside-info-container.min.css]
[www.pnc.com/en/personal-banking/virtual-wallet-overview/virtual-wallet-checking-pro-overview.html]
[www.pnc.com/content/dam/pnc-com/images/universal/loading.gif]
[www.pnc.com/content/dam/pnc-com/images/personal/Checking/VirtualWallet/mastheads/vw_hero_phone-screen.jpg]
[www.pnc.com/en/personal-banking/banking/services/low-cash-mode.html]
[www.pnc.com/etc/designs/pnc-com/clientlibs/pnc-com.general-content-slider.min.css]
[www.pnc.com/etc/designs/pnc-com/clientlibs/pnc-com.general-content-slider.min.js]
[www.pnc.com/content/dam/pnc-com/images/personal/Checking/VirtualWallet/features/vw_slideshow_overview.png]
[www.pnc.com/content/dam/pnc-com/images/personal/Checking/VirtualWallet/features/vw_slideshow_payments.png]
[www.pnc.com/content/dam/pnc-com/images/personal/Checking/VirtualWallet/features/vw_slideshow_overdraft-protection.png]
[www.pnc.com/content/dam/pnc-com/images/personal/Checking/VirtualWallet/features/vw_slideshow_savings.png]
[www.pnc.com/en/personal-banking/banking/checking/compare-vw.html]
[www.pnc.com/etc/designs/pnc-com/clientlibs/pnc-com.responsive-tabs.min.css]
[www.pnc.com/etc/designs/pnc-com/clientlibs/pnc-com.responsive-tabs.min.js]
[www.pnc.com/en/personal-banking/banking/checking/features-and-fees/virtual-wallet.html]
[www.pnc.com/en/personal-banking/banking/checking/features-and-fees/virtual-wallet-performance-spend.html]
[www.pnc.com/en/personal-banking/banking/checking/features-and-fees/virtual-wallet-performance-select.html]
[www.pnc.com/en/personal-banking/banking/student-banking.html]
[www.pnc.com/en/small-business/banking/business-checking-overview.html]
[www.pnc.com/content/dam/pnc-com/images/personal/Savings/high-yield-savings/zipcode_map.jpg]
[www.pnc.com/en/personal-banking/banking/services/federal-deposit-insurance.html]
[www.pnc.com/etc/designs/pnc-com/clientlibs/pnc-com.aside-info-container.min.js]
[www.pnc.com/en/personal-banking/banking/www.u44.pnc.com/783807/calc7020.js]
[www.pnc.com/en/personal-banking/banking/www.u47.pnc.com/783807/ethernet2a3b.js]
[www.pnc.com/en/personal-banking/banking/GET]
[www.pnc.com/en/personal-banking/banking/checking.html]
[www.pnc.com/en/personal-banking/banking/checking/checking-OOFP.html]
[www.pnc.com/etc/designs/pnc-com/clientlibs/pnc-com.product-category-summary.min.css]
[www.pnc.com/content/dam/pnc-com/images/welcome-pages/blurred_background.jpg]
[www.pnc.com/etc/designs/pnc-com/clientlibs/pnc-com.product-category-summary.min.js]
[www.pnc.com/content/dam/pnc-com/images/personal/Checking/VirtualWallet/vw_logo_wo_parent.png]
[www.pnc.com/en/personal-banking/banking/debit-and-prepaid-cards/pnc-bank-visa-debit-card.html]
[www.pnc.com/content/dam/pnc-com/images/personal/DebitCard/card_art/debitcard_virtual-wallet.png]
[www.pnc.com/en/customer-service/customer-service-frequently-asked-questions.html]
[www.pnc.com/en/personal-banking/banking/debit-and-prepaid-cards/pnc-smartaccess-prepaid-visa-card.html]
[www.pnc.com/content/dam/pnc-com/images/personal/DebitCard/card_art/debitcard_smartaccess.png]
[www.pnc.com/etc/designs/pnc-com/clientlibs/pnc-com.simple-header.min.css]
[www.pnc.com/etc/designs/pnc-com/clientlibs/pnc-com.share.min.css]
[www.pnc.com/en/personal-banking/banking/savings/find-the-right-savings-account.html]
[www.pnc.com/etc/designs/pnc-foundation/clientlibs/pnc-foundation.handlebars.min.js]
[www.pnc.com/etc/designs/pnc-com/clientlibs/pnc-com.share.min.js]
[assets.pinterest.com/js/pinit.js]
[www.pnc.com/etc/designs/pnc-com/clientlibs/pnc-com.liveengage-help.min.css]
[www.pnc.com/etc/designs/pnc-com/clientlibs/pnc-com.liveengage-help.min.js]
[www.pnc.com/etc/designs/pnc-com/clientlibs/pnc-com.simple-header.min.js]
[www.pnc.com/en/personal-banking/banking/savings/high-yield-savings.html]
[www.pnc.com/en/rates0d6e.html]
[www.pnc.com/en/rates]
[www.pnc.com/en/personal-banking/banking/savings/premiere-money-market.html]
[www.pnc.com/en/personal-banking/banking/savings/standard-savings.html]
[www.pnc.com/en/personal-banking/banking/savings/certificate-of-deposits.html]
[www.pnc.com/content/dam/pnc-com/images/personal/Checking/VirtualWalletChecking/vw_molecule_isolated_orange.png]
[www.pnc.com/en/ratesb262]
[www.pnc.com/en/rates4302]
[www.pnc.com/en/personal-banking/banking/savings/s-is-for-savings.html]
[www.pnc.com/en/rates0d6e]
[www.pnc.com/en/personal-banking/banking/services/auto-savings89b6.html]
[www.pnc.com/en/personal-banking/banking/checking89b6.html]
[www.pnc.com/en/ratesc515]
[www.pnc.com/en/security-privacyc515.html]
[www.pnc.com/en/personal-banking/banking/online-and-mobile-bankingc515.html]
[www.pnc.com/en/personal-banking/banking/credit-cards/credit-card-comparison.html]
[www.pnc.com/en/small-business/borrowing/business-credit-cards.html]
[www.pnc.com/en/personal-banking/banking/credit-cards/campaigns/credit-card-offer-DOT.html]
[www.pnc.com/en/personal-banking/banking/credit-cards/pnc-cash-rewards-visa-credit-card.html]
[www.pnc.com/content/dam/pnc-com/images/personal/CreditCards/card_art/creditcard_cash_rewards.png]
[www.pnc.com/en/personal-banking/banking/credit-cards/pnc-core-visa-credit-card.html]
[www.pnc.com/content/dam/pnc-com/images/personal/CreditCards/card_art/creditcard_core.png]
[www.pnc.com/en/personal-banking/banking/credit-cards/pnc-points-visa-credit-card.html]
[www.pnc.com/content/dam/pnc-com/images/personal/CreditCards/card_art/creditcard_points.png]
[www.pnc.com/en/personal-banking/banking/credit-cards/pnc-premier-traveler-visa-credit-card.html]
[www.pnc.com/content/dam/pnc-com/images/personal/CreditCards/card_art/creditcard_premier_traveler_signature.png]
[www.pnc.com/content/dam/pnc-com/images/personal/CreditCards/card_art/creditcard_secured.png]
[www.pnc.com/en/personal-banking/banking/credit-cards/student-credit-card-center.html]
[www.pnc.com/en/personal-banking/banking/services/manage-credit-card-online89b6.html]
[www.pnc.com/en/personal-banking/banking/online-and-mobile-banking/digital-payments89b6.html]
[www.pnc.com/en/personal-banking/banking/online-and-mobile-banking/apple-pay89b6.html]
[www.pnc.com/en/personal-banking/banking/credit-cards/campaigns/pnc-card-technologyc515.html]
[www.pnc.com/en/personal-banking/banking/debit-and-prepaid-cards.html]
[www.pnc.com/content/dam/pnc-com/images/personal/GiftCards/GiftCard_wShadow.png]
[www.pnc.com/en/personal-banking/banking/online-and-mobile-banking.html]
[www.pnc.com/content/dam/pnc-com/images/personal/OnlineBanking/mastheads/hero_online_mobile_banking_landing.png]
[www.pnc.com/etc/designs/pnc-com/clientlibs/pnc-com.pagenav.min.css]
[www.pnc.com/etc/designs/pnc-com/clientlibs/pnc-com.pagenav.min.js]
[www.pnc.com/content/dam/pnc-com/images/personal/OnlineBanking/inset_photos/inset_olb-mob-browser.jpg]
[www.pnc.com/en/personal-banking/banking/online-and-mobile-banking/online-banking.html]
[www.pnc.com/en/personal-banking/banking/online-and-mobile-banking/zelle.html]
[www.pnc.com/en/personal-banking/banking/online-and-mobile-banking/apple-pay.html]
[www.pnc.com/en/personal-banking/banking/online-and-mobile-banking/mobile-deposit.html]
[www.pnc.com/en/personal-banking/banking/online-and-mobile-banking/atm-banking.html]
[www.pnc.com/content/dam/pnc-com/images/personal/OnlineBanking/inset_photos/inset_olb-mob-mobile.jpg]
[www.pnc.com/content/dam/pnc-com/images/personal/OnlineBanking/inset_photos/inset_olb-mob-tools.jpg]
[www.pnc.com/en/personal-banking/banking/rewards/pnc-purchase-payback.html]
[www.pnc.com/en/personal-banking/banking/services/pnc-easylock.html]
[www.pnc.com/en/personal-banking/banking/online-and-mobile-banking/digital-payments.html]
[www.pnc.com/en/personal-banking/banking/online-and-mobile-banking/pncpay.html]
[www.pnc.com/en/personal-banking/banking/credit-cards/campaigns/pnc-card-technology.html]
[www.pnc.com/content/dam/pnc-com/images/personal/OnlineBanking/backgrounds/texture_online_mobile_banking.png]
[www.pnc.com/en/personal-banking/virtual-wallet-overviewc515.html]
[www.pnc.com/en/small-business/banking/online-business-servicesc515.html]
[www.pnc.com/en/personal-banking/banking/online-and-mobile-banking/www.u44.pnc.com/783807/calc7020.js]
[www.pnc.com/en/personal-banking/banking/online-and-mobile-banking/www.u47.pnc.com/783807/ethernet2a3b.js]
[www.pnc.com/en/personal-banking/banking/online-and-mobile-banking/GET]
[www.pnc.com/etc/designs/pnc-com/clientlibs/pnc-com.hero-header.min.css]
[www.pnc.com/content/dam/pnc-com/images/personal/bankingservices/ATMs/Hero_Header_tablet_pnc_atm_2018.jpg]
[www.pnc.com/content/dam/pnc-com/images/personal/bankingservices/ATMs/Hero-Header-Desktop-pnc-atm-2020.jpg]
[www.pnc.com/etc/designs/pnc-com/clientlibs/pnc-com.hero-header.min.js]
[www.pnc.com/en/personal-banking/banking/services/pnc-visa-card-emv-chip.html]
[www.pnc.com/content/dam/pnc-com/images/personal/bankingservices/ATMs/using-chip-card-atm-step1.jpg]
[www.pnc.com/content/dam/pnc-com/images/personal/bankingservices/ATMs/using-chip-card-atm-step2.jpg]
[www.pnc.com/content/dam/pnc-com/images/personal/bankingservices/ATMs/updated-atm-account-selection.jpg]
[www.pnc.com/content/dam/pnc-com/images/personal/bankingservices/ATMs/updated-atm-language-selection.jpg]
[www.pnc.com/content/dam/pnc-com/images/personal/bankingservices/ATMs/updated-atm-language-selection-2.jpg]
[www.pnc.com/content/dam/pnc-com/images/personal/bankingservices/ATMs/updated-atm-language-selection-3.jpg]
[www.pnc.com/content/dam/pnc-com/images/personal/bankingservices/ATMs/updated-atm-ereceipt.jpg]
[www.pnc.com/content/dam/pnc-com/images/personal/bankingservices/ATMs/updated-atm-ereceipt-2.jpg]
[www.pnc.com/content/dam/pnc-com/images/personal/bankingservices/ATMs/updated-atm-ereceipt-3.jpg]
[www.pnc.com/content/dam/pnc-com/images/personal/bankingservices/ATMs/updated-atm-prepaid.jpg]
[www.pnc.com/etc/designs/pnc-com/clientlibs/pnc-com.two-column-body.min.css]
[www.pnc.com/etc/designs/pnc-com/clientlibs/pnc-com.two-column-body.min.js]
[www.pnc.com/en/personal-banking/banking/debit-and-prepaid-cards/pnc-bank-visa-debit-cardc515.html]
[www.pnc.com/en/personal-banking/banking/credit-cardsc515.html]
[www.pnc.com/en/personal-banking/topics/www.u44.pnc.com/783807/calc7020.js]
[www.pnc.com/en/personal-banking/topics/www.u47.pnc.com/783807/ethernet2a3b.js]
[www.pnc.com/en/personal-banking/topics/GET]
[www.pnc.com/en/personal-banking/topics/pnc-student-center.html]
[www.pnc.com/en/personal-banking/img/drawer_top_shadow.png]
[www.pnc.com/content/dam/pnc-com/images/personal/Topics/StudentBanking/my_finance_academy/mastheads/hero_p_mfa_spotlight_series.jpg]
[www.pnc.com/en/personal-banking/banking/student-banking/my-finance-academy/spotlight-series.html]
[www.pnc.com/content/dam/pnc-com/images/personal/Topics/StudentBanking/my_finance_academy/bio/bio_p_mfa_sahirenys_pierce.jpg]
[www.pnc.com/en/personal-banking/borrowing/private-student-loans.html]
[www.pnc.com/content/dam/pnc-com/images/personal/OnlineBanking/MobileBanking/LowCashMode/lcm-phone-extra-time-student.png]
[www.pnc.com/en/personal-banking/borrowing/auto-loans.html]
[www.pnc.com/en/personal-banking/borrowing/home-equity-loans.html]
[www.pnc.com/en/personal-banking/borrowing/personal-loans.html]
[www.pnc.com/en/personal-banking/banking/international-students.html]
[www.pnc.com/content/dam/pnc-com/images/personal/Topics/StudentBanking/Student_Banking/student-banking-hub-international-students.png]
[www.pnc.com/en/personal-banking/banking/student-banking/my-finance-academy.html]
[www.pnc.com/en/personal-banking/banking/student-banking/my-finance-academy/college-saving-calculator.html]
[www.pnc.com/en/personal-banking/banking/student-banking/my-finance-academy/student-budget-calculator.html]
[www.pnc.com/content/dam/pnc-thought-leadership/personal-finance/save/pnc_insights_p_investment-strategies-by-age.jpg]
[www.pnc.com/content/dam/pnc-com/images/personal/Topics/StudentBanking/Student_Banking/student-banking-hub-alliance-schools.png]
[www.pnc.com/content/dam/pnc-com/images/personal/Topics/StudentBanking/Student_Banking/student-banking-hub-careers.png]
[www.pnc.com/en/personal-banking/banking/military-banking.html]
[www.pnc.com/etc/designs/pnc-com/clientlibs/pnc-com.adp.min.css]
[www.pnc.com/en/corporate-and-institutional/financing/lending-options/business-credit/business-credit-us4924.html]
[www.pnc.com/en/corporate-and-institutional/financing/lending-options4924.html]
[www.pnc.com/en/corporate-and-institutional/equipment-financea7d8.html]
[www.pnc.com/en/corporate-and-institutional/capital-markets/loan-syndications537a.html]
[www.pnc.com/en/corporate-and-institutional/capital-markets/asset-backed-securities4924.html]
[www.pnc.com/en/corporate-and-institutional/financing/mezzanine-and-equity-capital4924.html]
[www.pnc.com/en/corporate-and-institutional/financing/dealer-finance4924.html]
[www.pnc.com/en/corporate-and-institutional/institutional-investment-management/ocio4924.html]
[www.pnc.com/en/corporate-and-institutional/institutional-investment-management/asset-servicing4924.html]
[www.pnc.com/en/corporate-and-institutional/institutional-investment-management/retirement-plan-solutions4924.html]
[www.pnc.com/en/corporate-and-institutional/institutional-investment-management/iam-home4924.html]
[www.pnc.com/en/corporate-and-institutional/treasury-management/payables4924.html]
[www.pnc.com/en/corporate-and-institutional/treasury-management/receivables4924.html]
[www.pnc.com/en/corporate-and-institutional/treasury-management/deposit-and-account-services4924.html]
[www.pnc.com/en/corporate-and-institutional/treasury-management/liquidity-management4924.html]
[www.pnc.com/en/corporate-and-institutional/treasury-management/online-and-mobile-banking4924.html]
[www.pnc.com/en/corporate-and-institutional/treasury-management4924.html]
[www.pnc.com/en/corporate-and-institutional/topics/succession-planning4924.html]
[www.pnc.com/en/corporate-and-institutional/organizational-financial-wellness4924.html]
[www.pnc.com/en/corporate-and-institutional/capital-markets/fixed-income-securities4924.html]
[www.pnc.com/en/corporate-and-institutional/topics/advisory-businesses4924.html]
[www.pnc.com/en/corporate-and-institutional/financing/debt-capital-markets4924.html]
[www.pnc.com/en/corporate-and-institutional/capital-markets/mergers-and-acquisitions4924.html]
[www.pnc.com/en/corporate-and-institutional/capital-markets/public-finance4924.html]
[www.pnc.com/en/corporate-and-institutional/capital-markets/public-market-securities4924.html]
[www.pnc.com/en/corporate-and-institutional/capital-markets/private-placements4924.html]
[www.pnc.com/en/corporate-and-institutional/international-services/risk-management4924.html]
[www.pnc.com/en/corporate-and-institutional/financing/capital-markets4924.html]
[www.pnc.com/en/corporate-and-institutional/international-services/cash-management4924.html]
[www.pnc.com/en/corporate-and-institutional/international-services/foreign-exchange4924.html]
[www.pnc.com/en/corporate-and-institutional/international-services/trade-services4924.html]
[www.pnc.com/en/corporate-and-institutional/international-services/trade-finance4924.html]
[www.pnc.com/en/corporate-and-institutional/international-services/pinacle-international-services4924.html]
[www.pnc.com/en/corporate-and-institutional/international-services/canada4924.html]
[www.pnc.com/en/corporate-and-institutional/international-services/china4924.html]
[www.pnc.com/en/corporate-and-institutional/international-services/europe4924.html]
[www.pnc.com/en/corporate-and-institutional/international-services/international-services-overview4924.html]
[www.pnc.com/en/corporate-and-institutional/commercial-banking4924.html]
[www.pnc.com/en/corporate-and-institutional/topics/specialty-segments/corporate-banking4924.html]
[www.pnc.com/en/corporate-and-institutional/financing/lending-options/pnc-equipment-finance/aviation4924.html]
[www.pnc.com/en/corporate-and-institutional/equipment-finance4924.html]
[www.pnc.com/en/corporate-and-institutional/topics/specialty-segments/healthcare4924.html]
[www.pnc.com/en/corporate-and-institutional/financing/lending-options/pnc-real-estate4924.html]
[www.pnc.com/en/corporate-and-institutional/topics/specialty-segments/chemicals-and-plastics4924.html]
[www.pnc.com/en/corporate-and-institutional/topics/specialty-segments/energy4924.html]
[www.pnc.com/en/corporate-and-institutional/topics/specialty-segments/federal-services4924.html]
[www.pnc.com/en/corporate-and-institutional/topics/specialty-segments/financial-institutions-group4924.html]
[www.pnc.com/en/corporate-and-institutional/topics/specialty-segments/financial-sponsors4924.html]
[www.pnc.com/en/corporate-and-institutional/topics/specialty-segments/food-and-beverage4924.html]
[www.pnc.com/en/corporate-and-institutional/topics/specialty-segments/government-contracting4924.html]
[www.pnc.com/en/corporate-and-institutional/topics/specialty-segments/leasing-and-transportation4924.html]
[www.pnc.com/en/corporate-and-institutional/topics/specialty-segments/metals-and-mining4924.html]
[www.pnc.com/en/corporate-and-institutional/topics/specialty-segments/pharmaceutical-life-sciences4924.html]
[www.pnc.com/en/corporate-and-institutional/topics/specialty-segments/power-and-utilities4924.html]
[www.pnc.com/en/corporate-and-institutional/topics/specialty-segments/sports-finance4924.html]
[www.pnc.com/en/corporate-and-institutional/topics/specialty-segments/technology-banking-solutions4924.html]
[www.pnc.com/en/corporate-and-institutional/topics/specialty-segments4924.html]
[www.pnc.com/en/corporate-and-institutional/libor-transition4924.html]
[www.pnc.com/content/experience-fragments/pnc-com/en/navigation/pnc-navigation---main-menu/cib/_jcr_content/root/container/container/listpro/nested-list-item-15712402161400/listpro/nested-list-it/pnc-insights-ci-market-]
[www.pnc.com/content/dam/pnc-com/images/personal/Topics/MilitaryBanking/mastheads/hero_military_banking.jpg]
[www.pnc.com/content/dam/pnc-com/images/personal/Topics/MilitaryBanking/features/feature_military_banking_mutt_strut.png]
[www.pnc.com/content/dam/pnc-com/images/personal/Topics/MilitaryBanking/features/feature_military_banking_recruiting_practices.jpg]
[www.pnc.com/content/dam/pnc-thought-leadership/personal-finance/invest/pnc_insights_p_set-financial-goals-military-family.jpg]
[www.pnc.com/content/dam/pnc-thought-leadership/personal-finance/spend/pnc_insights_p_financial-steps-deploying.png]
[www.pnc.com/content/dam/pnc-thought-leadership/personal-finance/pnc_tl_hub_personal_10_tips_every_military_family_needs_to_follow_to_keep_their_finances_safe.jpg]
[www.pnc.com/content/dam/pnc-com/images/universal/badge_download_apple_app_store.png]
[www.pnc.com/content/dam/pnc-com/images/universal/badge_get_it_on_google_play.png]
[www.pnc.com/en/personal-banking/topics/always-open-24-7.html]
[www.pnc.com/content/dam/pnc-com/images/personal/Topics/MilitaryBanking/features/feature_military_banking_manage_money.jpg]
[www.pnc.com/content/dam/pnc-com/images/personal/Topics/MilitaryBanking/mastheads/bg_texture_military_banking.jpg]
[www.pnc.com/en/small-business/topics/veteran-owned-businesses.html]
[www.pnc.com/en/personal-banking/banking/workplace-banking.html]
[www.pnc.com/content/dam/pnc-com/images/personal/Topics/WorkplaceBanking/mastheads/hero_workplace_banking_employee.jpg]
[www.pnc.com/content/dam/pnc-com/images/universal/backgrounds/background_general_blue-waves.jpg]
[www.pnc.com/en/personal-banking/banking/workplace-banking/refer-a-co-worker-program.html]
[www.pnc.com/en/personal-banking/banking/workplace-banking/workplace-wellness.html]
[www.pnc.com/etc.clientlibs/dam/components/scene7/dynamicmedia/clientlibs/dynamicmedia.min.css]
[www.pnc.com/etc.clientlibs/dam/components/scene7/common/clientlibs/viewer.min.js]
[www.pnc.com/etc.clientlibs/clientlibs/granite/utils.min.js]
[www.pnc.com/etc.clientlibs/dam/components/scene7/dynamicmedia/clientlibs/dynamicmedia.min.js]
[www.pnc.com/etc.clientlibs/dam/components/scene7/common/clientlibs/i18n.min.js]
[www.pnc.com/content/dam/pnc-com/images/personal/Topics/WorkplaceBanking/features/feature_p_wkb_early-career-webinar.jpg]
[www.pnc.com/en/personal-banking/banking/workplace-banking/workplace-banking-employer/regional-workplace-representatives.html]
[www.pnc.com/etc/designs/pnc-foundation/js/libs/jquery.validate.min.js]
[www.pnc.com/etc/designs/pnc-foundation/js/libs/additional-methods.min.js]
[www.pnc.com/etc/designs/pnc-foundation/js/libs/jquery.maskedinput.min.js]
[www.google.com/recaptcha/api.js]
[www.pnc.com/content/dam/pnc-com/images/universal/select-arrow.png]
[www.pnc.com/etc/designs/pnc-com/js/forms.js]
[www.pnc.com/content/dam/pnc-com/images/Legal/equal-housing-lender_small.png]
[www.pnc.com/en/personal-banking/choice-banking.html]
[www.pnc.com/content/dam/pnc-com/images/personal/choicebanking/mastheads/hero_personal_choice-banking.jpg]
[www.pnc.com/content/dam/pnc-com/images/personal/choicebanking/Featured/feature_personal_choice-baking.jpg]
[www.pnc.com/en/personal-banking/borrowing/understanding-loan-options.html]
[www.pnc.com/en/personal-banking/investments-and-retirement.html]
[www.pnc.com/content/dam/pnc-thought-leadership/personal-finance/invest/pnc_insights_p_how-fed-reserve-policy-impacts-ivestments.jpg]
[www.pnc.com/content/dam/pnc-thought-leadership/personal-finance/invest/pnc_insights_p_when-should-you-hire-financial-advisor.jpg]
[www.pnc.com/content/dam/pnc-thought-leadership/personal-finance/borrow/pnc_insights_p_helocs-pros-cons-equity.jpg]
[www.pnc.com/en/personal-banking/investments-and-retirement/606-order-routing.html]
[www.pnc.com/en/personal-banking/borrowing/www.u44.pnc.com/783807/calc7020.js]
[www.pnc.com/en/personal-banking/borrowing/www.u47.pnc.com/783807/ethernet2a3b.js]
[www.pnc.com/en/personal-banking/borrowing/GET]
[www.pnc.com/en/personal-banking/borrowing/home-lending.html]
[www.pnc.com/content/dam/pnc-com/images/personal/Borrowing/HomeLendingCenter/HomeHQHeadquarters/hero-home-hq.jpg]
[www.pnc.com/content/dam/pnc-com/images/corporateandinstitutional/TreasuryManagement/pnc-paid/gettyimages-926536926-2048x2048.jpg]
[www.pnc.com/en/personal-banking/borrowing/home-lending/understanding-home-lending-center/home-buyers-basics.html]
[www.pnc.com/en/personal-banking/borrowing/home-lending/Campaigns/planner.html]
[www.pnc.com/en/personal-banking/borrowing/home-lending/mortgage-refinance/how-does-refinancing-work.html]
[www.pnc.com/en/personal-banking/borrowing/home-lending/understanding-home-lending-center/learn-home-equity.html]
[www.pnc.com/content/dam/pnc-com/images/personal/Borrowing/HomeLendingCenter/HomeHQHeadquarters/home-hq-home-buying.jpg]
[www.pnc.com/en/personal-banking/borrowing/home-lending/Campaigns/mortgage-apply.html]
[www.pnc.com/content/dam/pnc-com/images/personal/Borrowing/HomeLendingCenter/HomeHQHeadquarters/home-hq-refinance.jpg]
[www.pnc.com/en/personal-banking/borrowing/home-lending/Refinancing/mortgage-refinance-rates-calculator.html]
[www.pnc.com/en/personal-banking/borrowing/home-lending/Refinancing.html]
[www.pnc.com/content/dam/pnc-com/images/personal/Borrowing/HomeLendingCenter/HomeHQHeadquarters/home-hq-home-equity.jpg]
[www.pnc.com/en/personal-banking/borrowing/understanding-loan-options/home-equity-selector.html]
[www.pnc.com/en/customer-service/mortgage-customer-service.html]
[www.pnc.com/en/personal-banking/borrowing/home-lending/Campaigns/tracker.html]
[www.pnc.com/en/personal-banking/borrowing/home-lending/understanding-home-lending-center/financial-trouble.html]
[www.pnc.com/en/personal-banking/borrowing/home-lending/understanding-home-lending-center/important-forms-and-documents.html]
[www.pnc.com/en/personal-banking/borrowing/home-lending/contact-us/Forms/buy-a-home-ALF.html]
[www.pnc.com/en/personal-banking/borrowing/home-lending/contact-us/Find-MLO.html]
[www.pnc.com/en/personal-banking/borrowing/home-lending/www.u44.pnc.com/783807/calc7020.js]
[www.pnc.com/en/personal-banking/borrowing/home-lending/www.u47.pnc.com/783807/ethernet2a3b.js]
[www.pnc.com/en/personal-banking/borrowing/home-lending/GET]
[www.pnc.com/en/personal-banking/borrowing/home-lending/mortgage-refinance.html]
[www.pnc.com/content/dam/pnc-com/images/personal/Borrowing/HomeLendingCenter/Refinancing/Mastheads/hero_mortgage_refinance_loans_router.png]
[www.pnc.com/etc/designs/pnc-com/clientlibs/pnc-com.homehq.min.css]
[www.pnc.com/etc/designs/pnc-com/clientlibs/pnc-com.homehq.min.js]
[www.pnc.com/etc/designs/pnc-com/js/home-hq/pnc/regionalized_rates.js]
[www.pnc.com/en/personal-banking/borrowing/home-lending/content/pnc-com/en/personal-banking/borrowing/home-lending/mortgages/fixed-rate-mortgage.html]
[www.pnc.com/en/personal-banking/borrowing/home-lending/content/pnc-com/en/personal-banking/borrowing/home-lending/mortgages/jumbo-loan.html]
[www.pnc.com/en/personal-banking/borrowing/home-lending/content/pnc-com/en/personal-banking/borrowing/home-lending/mortgages/adjustable-mortgage.html]
[www.pnc.com/en/personal-banking/borrowing/home-lending/content/pnc-com/en/personal-banking/borrowing/home-lending/mortgages/adjustable-mortgage.html/content/pnc-com/en/admin/sandbox/Marissa/Home/adjustable-mortgage.1f7]
[www.pnc.com/en/personal-banking/borrowing/home-lending/content/pnc-com/en/personal-banking/borrowing/home-lending/mortgages/FHA-Loan.html]
[www.pnc.com/en/personal-banking/borrowing/home-lending/content/pnc-com/en/personal-banking/borrowing/home-lending/mortgages/VA-Loan.html]
[www.pnc.com/en/personal-banking/borrowing/home-lending/mortgage-refinance/mortgage-refinance-calculator.html]
[www.pnc.com/en/personal-banking/borrowing/home-lending/mortgage-refinance/mortgage-refinancing.html]
[www.pnc.com/en/personal-banking/borrowing/home-lending/contact-us/Forms/refinance-ALF.html]
